--- STARTING API TESTS ---
Testing Login: /api/auth/login
Testing: /api/features/facility-ratings
Γ£à /api/features/facility-ratings - Success (10 records)
Testing: /api/features/facility-health
Γ£à /api/features/facility-health - Success (10 records)
Testing: /api/features/active-auctions
Γ£à /api/features/active-auctions - Success (2 records)
Testing: /api/features/equipment-availability
Γ£à /api/features/equipment-availability - Success (4 records)
Testing: /api/features/monthly-revenue
Γ£à /api/features/monthly-revenue - Success (1 records)
Testing: /api/features/top-facilities
Γ£à /api/features/top-facilities - Success (5 records)
Testing: /api/features/peak-hours
Γ£à /api/features/peak-hours - Success (6 records)
Testing: /api/features/power-users
Γ£à /api/features/power-users - Success (6 records)
Testing: /api/features/available-facilities?date=2026-05-15
Γ£à /api/features/available-facilities?date=2026-05-15 - Success (140 records)
Testing: /api/users
Γ£à /api/users - Success (12 records)
Testing: /api/bookings
Γ£à /api/bookings - Success (7 records)
--- TESTS COMPLETE (1 errors found) ---
